../Core/Src/main4.c:408:6:HAL_UART_TxCpltCallback	16	static
../Core/Src/main4.c:415:21:uart_load_f32	24	static
../Core/Src/main4.c:421:20:uart_store_f32	16	static
../Core/Src/main4.c:427:13:uart_send_response	40	static
../Core/Src/main4.c:469:13:uart_apply_frame	48	static
../Core/Src/main4.c:534:6:uart_poll_rx	24	static
../Core/Src/main4.c:568:6:uart_check_timeout	16	static
../Core/Src/main4.c:583:6:uart_update_velocity	24	static
../Core/Src/main4.c:602:6:uart_init	8	static
../Core/Src/main4.c:615:13:CORDIC_SinCos	48	static
../Core/Src/main4.c:645:14:medianFilter	40	static
../Core/Src/main4.c:669:20:clarkeTransform	40	static
../Core/Src/main4.c:678:13:parkTransformSC	48	static
../Core/Src/main4.c:687:20:inverseParkSC	48	static
../Core/Src/main4.c:696:14:getElectricalAngle	32	static
../Core/Src/main4.c:714:14:encoderRawElecDeg	24	static
../Core/Src/main4.c:727:14:circular_mean_deg	48	static
../Core/Src/main4.c:742:14:circular_diff_deg	24	static
../Core/Src/main4.c:752:13:SVPWM	80	static
../Core/Src/main4.c:782:14:PI_Update	64	static
../Core/Src/main4.c:812:13:applyNeutralOutput	24	static
../Core/Src/main4.c:822:13:resetFilters	16	static
../Core/Src/main4.c:836:13:emergencyStop	24	static
../Core/Src/main4.c:855:13:raiseSoftFault	16	static
../Core/Src/main4.c:862:13:clearSoftFault	16	static
../Core/Src/main4.c:873:6:FOCroutine	152	static
../Core/Src/main4.c:1119:6:HAL_ADCEx_InjectedConvCpltCallback	16	static
../Core/Src/main4.c:1134:13:ADCloop	48	static
../Core/Src/main4.c:1205:6:HAL_TIM_PeriodElapsedCallback	16	static
../Core/Src/main4.c:1249:13:calSweepField	48	static
../Core/Src/main4.c:1274:16:calibrateMotorAlignment	88	static,ignoring_inline_asm
../Core/Src/main4.c:1418:13:calibrateDQOffsets	88	static
../Core/Src/main4.c:1470:13:calibrateMotor	16	static,ignoring_inline_asm
../Core/Src/main4.c:1518:13:startHardwareSync	16	static
../Core/Src/main4.c:1579:5:main	16	static
../Core/Src/main4.c:1678:13:SystemClock_Config	88	static
../Core/Src/main4.c:1713:6:Error_Handler	8	static
