../Core/Src/stm32g4xx_it.c:82:6:NMI_Handler	4	static
../Core/Src/stm32g4xx_it.c:97:6:HardFault_Handler	4	static
../Core/Src/stm32g4xx_it.c:112:6:MemManage_Handler	4	static
../Core/Src/stm32g4xx_it.c:127:6:BusFault_Handler	4	static
../Core/Src/stm32g4xx_it.c:142:6:UsageFault_Handler	4	static
../Core/Src/stm32g4xx_it.c:157:6:SVC_Handler	4	static
../Core/Src/stm32g4xx_it.c:170:6:DebugMon_Handler	4	static
../Core/Src/stm32g4xx_it.c:183:6:PendSV_Handler	4	static
../Core/Src/stm32g4xx_it.c:196:6:SysTick_Handler	4	static
../Core/Src/stm32g4xx_it.c:217:6:DMA1_Channel2_IRQHandler	8	static
../Core/Src/stm32g4xx_it.c:231:6:ADC1_2_IRQHandler	8	static
../Core/Src/stm32g4xx_it.c:246:6:TIM1_BRK_TIM15_IRQHandler	8	static
../Core/Src/stm32g4xx_it.c:263:6:TIM1_UP_TIM16_IRQHandler	8	static
../Core/Src/stm32g4xx_it.c:280:6:TIM1_TRG_COM_TIM17_IRQHandler	8	static
../Core/Src/stm32g4xx_it.c:301:6:TIM1_CC_IRQHandler	8	static
../Core/Src/stm32g4xx_it.c:315:6:TIM2_IRQHandler	8	static
../Core/Src/stm32g4xx_it.c:329:6:TIM3_IRQHandler	8	static
../Core/Src/stm32g4xx_it.c:343:6:TIM4_IRQHandler	8	static
../Core/Src/stm32g4xx_it.c:357:6:USART1_IRQHandler	8	static
../Core/Src/stm32g4xx_it.c:371:6:TIM8_BRK_IRQHandler	8	static
../Core/Src/stm32g4xx_it.c:385:6:TIM8_UP_IRQHandler	8	static
../Core/Src/stm32g4xx_it.c:399:6:TIM8_TRG_COM_IRQHandler	8	static
../Core/Src/stm32g4xx_it.c:413:6:TIM8_CC_IRQHandler	8	static
../Core/Src/stm32g4xx_it.c:427:6:ADC3_IRQHandler	8	static
../Core/Src/stm32g4xx_it.c:441:6:TIM7_DAC_IRQHandler	8	static
../Core/Src/stm32g4xx_it.c:455:6:TIM20_BRK_IRQHandler	8	static
../Core/Src/stm32g4xx_it.c:469:6:TIM20_UP_IRQHandler	8	static
../Core/Src/stm32g4xx_it.c:483:6:TIM20_TRG_COM_IRQHandler	8	static
../Core/Src/stm32g4xx_it.c:497:6:TIM20_CC_IRQHandler	8	static
../Core/Src/stm32g4xx_it.c:511:6:FPU_IRQHandler	4	static
